2021-02-01 14:48:47,619:ERROR:Tried to divided by zero
Traceback (most recent call last):
  File "basic_logger_module.py", line 24, in div
    result = x/y
ZeroDivisionError: division by zero
2021-02-01 14:51:45,461:ERROR:Tried to divided by zero
Traceback (most recent call last):
  File "basic_logger_module.py", line 27, in div
    result = x/y
ZeroDivisionError: division by zero
2021-02-01 14:52:49,003:ERROR:Tried to divided by zero
Traceback (most recent call last):
  File "basic_logger_module.py", line 29, in div
    result = x/y
ZeroDivisionError: division by zero
